// Jest Snapshot v1, https://goo.gl/fbAQLP

exports[`Card renders without crash 1`] = `
ShallowWrapper {
  Symbol(enzyme.__root__): [Circular],
  Symbol(enzyme.__unrendered__): <Card
    data={Object {}}
  />,
  Symbol(enzyme.__renderer__): Object {
    "batchedUpdates": [Function],
    "getNode": [Function],
    "render": [Function],
    "simulateError": [Function],
    "simulateEvent": [Function],
    "unmount": [Function],
  },
  Symbol(enzyme.__node__): Object {
    "instance": null,
    "key": undefined,
    "nodeType": "host",
    "props": Object {
      "children": Array [
        <div
          className="col-xs"
        >
          <p>
            <span
              className="Card__mission_name"
            >
              Mission: 
            </span>
          </p>
          <p>
            <span
              className="Card__launch_date"
            >
              Date: 
              09/10/2018 21:00
            </span>
          </p>
        </div>,
        <div
          className="col-xs Card__launch_status Card__launch_status--failed"
        >
          <p>
            Failed
          </p>
        </div>,
      ],
      "className": "Card row between-xs middle-xs",
      "onClick": undefined,
    },
    "ref": null,
    "rendered": Array [
      Object {
        "instance": null,
        "key": undefined,
        "nodeType": "host",
        "props": Object {
          "children": Array [
            <p>
              <span
                className="Card__mission_name"
              >
                Mission: 
              </span>
            </p>,
            <p>
              <span
                className="Card__launch_date"
              >
                Date: 
                09/10/2018 21:00
              </span>
            </p>,
          ],
          "className": "col-xs",
        },
        "ref": null,
        "rendered": Array [
          Object {
            "instance": null,
            "key": undefined,
            "nodeType": "host",
            "props": Object {
              "children": <span
                className="Card__mission_name"
              >
                Mission: 
              </span>,
            },
            "ref": null,
            "rendered": Object {
              "instance": null,
              "key": undefined,
              "nodeType": "host",
              "props": Object {
                "children": Array [
                  "Mission: ",
                  undefined,
                ],
                "className": "Card__mission_name",
              },
              "ref": null,
              "rendered": Array [
                "Mission: ",
                undefined,
              ],
              "type": "span",
            },
            "type": "p",
          },
          Object {
            "instance": null,
            "key": undefined,
            "nodeType": "host",
            "props": Object {
              "children": <span
                className="Card__launch_date"
              >
                Date: 
                09/10/2018 21:00
              </span>,
            },
            "ref": null,
            "rendered": Object {
              "instance": null,
              "key": undefined,
              "nodeType": "host",
              "props": Object {
                "children": Array [
                  "Date: ",
                  "09/10/2018 21:00",
                ],
                "className": "Card__launch_date",
              },
              "ref": null,
              "rendered": Array [
                "Date: ",
                "09/10/2018 21:00",
              ],
              "type": "span",
            },
            "type": "p",
          },
        ],
        "type": "div",
      },
      Object {
        "instance": null,
        "key": undefined,
        "nodeType": "host",
        "props": Object {
          "children": <p>
            Failed
          </p>,
          "className": "col-xs Card__launch_status Card__launch_status--failed",
        },
        "ref": null,
        "rendered": Object {
          "instance": null,
          "key": undefined,
          "nodeType": "host",
          "props": Object {
            "children": "Failed",
          },
          "ref": null,
          "rendered": "Failed",
          "type": "p",
        },
        "type": "div",
      },
    ],
    "type": "div",
  },
  Symbol(enzyme.__nodes__): Array [
    Object {
      "instance": null,
      "key": undefined,
      "nodeType": "host",
      "props": Object {
        "children": Array [
          <div
            className="col-xs"
          >
            <p>
              <span
                className="Card__mission_name"
              >
                Mission: 
              </span>
            </p>
            <p>
              <span
                className="Card__launch_date"
              >
                Date: 
                09/10/2018 21:00
              </span>
            </p>
          </div>,
          <div
            className="col-xs Card__launch_status Card__launch_status--failed"
          >
            <p>
              Failed
            </p>
          </div>,
        ],
        "className": "Card row between-xs middle-xs",
        "onClick": undefined,
      },
      "ref": null,
      "rendered": Array [
        Object {
          "instance": null,
          "key": undefined,
          "nodeType": "host",
          "props": Object {
            "children": Array [
              <p>
                <span
                  className="Card__mission_name"
                >
                  Mission: 
                </span>
              </p>,
              <p>
                <span
                  className="Card__launch_date"
                >
                  Date: 
                  09/10/2018 21:00
                </span>
              </p>,
            ],
            "className": "col-xs",
          },
          "ref": null,
          "rendered": Array [
            Object {
              "instance": null,
              "key": undefined,
              "nodeType": "host",
              "props": Object {
                "children": <span
                  className="Card__mission_name"
                >
                  Mission: 
                </span>,
              },
              "ref": null,
              "rendered": Object {
                "instance": null,
                "key": undefined,
                "nodeType": "host",
                "props": Object {
                  "children": Array [
                    "Mission: ",
                    undefined,
                  ],
                  "className": "Card__mission_name",
                },
                "ref": null,
                "rendered": Array [
                  "Mission: ",
                  undefined,
                ],
                "type": "span",
              },
              "type": "p",
            },
            Object {
              "instance": null,
              "key": undefined,
              "nodeType": "host",
              "props": Object {
                "children": <span
                  className="Card__launch_date"
                >
                  Date: 
                  09/10/2018 21:00
                </span>,
              },
              "ref": null,
              "rendered": Object {
                "instance": null,
                "key": undefined,
                "nodeType": "host",
                "props": Object {
                  "children": Array [
                    "Date: ",
                    "09/10/2018 21:00",
                  ],
                  "className": "Card__launch_date",
                },
                "ref": null,
                "rendered": Array [
                  "Date: ",
                  "09/10/2018 21:00",
                ],
                "type": "span",
              },
              "type": "p",
            },
          ],
          "type": "div",
        },
        Object {
          "instance": null,
          "key": undefined,
          "nodeType": "host",
          "props": Object {
            "children": <p>
              Failed
            </p>,
            "className": "col-xs Card__launch_status Card__launch_status--failed",
          },
          "ref": null,
          "rendered": Object {
            "instance": null,
            "key": undefined,
            "nodeType": "host",
            "props": Object {
              "children": "Failed",
            },
            "ref": null,
            "rendered": "Failed",
            "type": "p",
          },
          "type": "div",
        },
      ],
      "type": "div",
    },
  ],
  Symbol(enzyme.__options__): Object {
    "adapter": ReactSixteenAdapter {
      "options": Object {
        "enableComponentDidUpdateOnSetState": true,
        "lifecycles": Object {
          "componentDidUpdate": Object {
            "onSetState": true,
          },
          "getDerivedStateFromProps": true,
          "getSnapshotBeforeUpdate": true,
          "setState": Object {
            "skipsComponentDidUpdateOnNullish": true,
          },
        },
      },
    },
  },
}
`;
